// Jest Snapshot v1, https://goo.gl/fbAQLP

exports[`<Navbar> matches snapshot 1`] = `
"<div data-testid=\\"container\\" class=\\"sc-hKFyIo xvRQC\\">
  <div data-testid=\\"hamburger\\" class=\\"sc-pNWxx sc-jrsJCI  jwBzmG\\"><svg viewBox=\\"0 0 28 22\\" width=\\"28\\" height=\\"22\\" fill=\\"#ffffff\\">
      <rect width=\\"28\\" height=\\"4\\" rx=\\"2\\"></rect>
      <rect y=\\"9\\" width=\\"28\\" height=\\"4\\" rx=\\"2\\"></rect>
      <rect y=\\"18\\" width=\\"28\\" height=\\"4\\" rx=\\"2\\"></rect>
    </svg></div>
  <div data-testid=\\"menu\\" class=\\"sc-gKAblj bwCMdF\\">
    <div class=\\"sc-fujyUd bikKCQ\\"><a href=\\"/\\">Home</a></div>
    <div class=\\"sc-fujyUd bikKCQ\\">Log In</div>
  </div>
  <form data-testid=\\"search\\" class=\\"sc-gtssRu iwAXyB\\"><input class=\\"sc-bdnylx sfOGj\\" value=\\"\\"><button type=\\"submit\\" class=\\"sc-dlnjPT czYKGT\\"><svg xmlns=\\"http://www.w3.org/2000/svg\\" height=\\"24px\\" viewBox=\\"-1 0 136 136.219\\" width=\\"24px\\" fill=\\"#ffffff\\">
        <path d=\\"M93.148 80.832c16.352-23.09 10.883-55.062-12.207-71.41S25.88-1.461 9.531 21.632C-6.816 44.723-1.352 76.693 21.742 93.04a51.226 51.226 0 0055.653 2.3l37.77 37.544c4.077 4.293 10.862 4.465 15.155.387 4.293-4.075 4.465-10.86.39-15.153a9.21 9.21 0 00-.39-.39zm-41.84 3.5c-18.245.004-33.038-14.777-33.05-33.023-.004-18.246 14.777-33.04 33.027-33.047 18.223-.008 33.008 14.75 33.043 32.972.031 18.25-14.742 33.067-32.996 33.098h-.023zm0 0\\"></path>
      </svg></button></form>
</div>"
`;
